2025-09-22 18:43:22 - ℹ️ ℹ️ INFO - core.logging_config - 📝 Logging configured - Level: INFO, File: logs/dental_voice_ai.log
2025-09-22 18:43:22 - ℹ️ ℹ️ INFO - core.logging_config - 🔄 Log rotation: 10.0MB max, 5 backups
2025-09-22 18:43:22 - ⚠️ ⚠️ WARNING - services.encryption_service - Generated development encryption key - NOT for production use
2025-09-22 18:43:22 - ℹ️ ℹ️ INFO - services.encryption_service - Generated RSA key pair for development
2025-09-22 18:43:23 - ℹ️ ℹ️ INFO - core.logging_config - 📝 Logging configured - Level: INFO, File: logs/dental_voice_ai.log
2025-09-22 18:43:23 - ℹ️ ℹ️ INFO - core.logging_config - 🔄 Log rotation: 10.0MB max, 5 backups
2025-09-22 18:44:52 - ℹ️ ℹ️ INFO - core.logging_config - 📝 Logging configured - Level: INFO, File: logs/dental_voice_ai.log
2025-09-22 18:44:52 - ℹ️ ℹ️ INFO - core.logging_config - 🔄 Log rotation: 10.0MB max, 5 backups
2025-09-22 18:44:52 - ⚠️ ⚠️ WARNING - services.encryption_service - Generated development encryption key - NOT for production use
2025-09-22 18:44:52 - ℹ️ ℹ️ INFO - services.encryption_service - Generated RSA key pair for development
2025-09-22 18:44:52 - ℹ️ ℹ️ INFO - core.logging_config - 📝 Logging configured - Level: INFO, File: logs/dental_voice_ai.log
2025-09-22 18:44:52 - ℹ️ ℹ️ INFO - core.logging_config - 🔄 Log rotation: 10.0MB max, 5 backups
2025-09-22 18:44:52 - ℹ️ ℹ️ INFO - core.logging_config - 🚀 Healthcare Voice AI - Starting Application
2025-09-22 18:44:52 - ℹ️ ℹ️ INFO - core.logging_config - 🌍 Environment: development
2025-09-22 18:44:52 - ℹ️ ℹ️ INFO - core.logging_config - 📦 Version: 2.0.0
2025-09-22 18:44:52 - ℹ️ ℹ️ INFO - core.logging_config - 🏥 Project: Healthcare Voice AI
2025-09-22 18:44:52 - ℹ️ ℹ️ INFO - core.logging_config - 🛠️ Development mode - Debug features enabled
2025-09-22 18:44:52 - ℹ️ ℹ️ INFO - main - ✅ Environment validated for development
2025-09-22 18:44:53 - ℹ️ ℹ️ INFO - core.database - ✅ Database engines and session factories initialized
2025-09-22 18:44:53 - ℹ️ ℹ️ INFO - sqlalchemy.engine.Engine - select pg_catalog.version()
2025-09-22 18:44:53 - ℹ️ ℹ️ INFO - sqlalchemy.engine.Engine - [raw sql] ()
2025-09-22 18:44:53 - ℹ️ ℹ️ INFO - sqlalchemy.engine.Engine - select current_schema()
2025-09-22 18:44:53 - ℹ️ ℹ️ INFO - sqlalchemy.engine.Engine - [raw sql] ()
2025-09-22 18:44:53 - ℹ️ ℹ️ INFO - sqlalchemy.engine.Engine - show standard_conforming_strings
2025-09-22 18:44:53 - ℹ️ ℹ️ INFO - sqlalchemy.engine.Engine - [raw sql] ()
2025-09-22 18:44:53 - ℹ️ ℹ️ INFO - sqlalchemy.engine.Engine - BEGIN (implicit)
2025-09-22 18:44:53 - ℹ️ ℹ️ INFO - sqlalchemy.engine.Engine - SELECT pg_catalog.pg_class.relname 
FROM pg_catalog.pg_class JOIN pg_catalog.pg_namespace ON pg_catalog.pg_namespace.oid = pg_catalog.pg_class.relnamespace 
WHERE pg_catalog.pg_class.relname = $1::VARCHAR AND pg_catalog.pg_class.relkind = ANY (ARRAY[$2::VARCHAR, $3::VARCHAR, $4::VARCHAR, $5::VARCHAR, $6::VARCHAR]) AND pg_catalog.pg_table_is_visible(pg_catalog.pg_class.oid) AND pg_catalog.pg_namespace.nspname != $7::VARCHAR
2025-09-22 18:44:53 - ℹ️ ℹ️ INFO - sqlalchemy.engine.Engine - [generated in 0.00024s] ('users', 'r', 'p', 'f', 'v', 'm', 'pg_catalog')
2025-09-22 18:44:54 - ℹ️ ℹ️ INFO - sqlalchemy.engine.Engine - SELECT pg_catalog.pg_class.relname 
FROM pg_catalog.pg_class JOIN pg_catalog.pg_namespace ON pg_catalog.pg_namespace.oid = pg_catalog.pg_class.relnamespace 
WHERE pg_catalog.pg_class.relname = $1::VARCHAR AND pg_catalog.pg_class.relkind = ANY (ARRAY[$2::VARCHAR, $3::VARCHAR, $4::VARCHAR, $5::VARCHAR, $6::VARCHAR]) AND pg_catalog.pg_table_is_visible(pg_catalog.pg_class.oid) AND pg_catalog.pg_namespace.nspname != $7::VARCHAR
2025-09-22 18:44:54 - ℹ️ ℹ️ INFO - sqlalchemy.engine.Engine - [cached since 0.1893s ago] ('refresh_tokens', 'r', 'p', 'f', 'v', 'm', 'pg_catalog')
2025-09-22 18:44:54 - ℹ️ ℹ️ INFO - sqlalchemy.engine.Engine - SELECT pg_catalog.pg_class.relname 
FROM pg_catalog.pg_class JOIN pg_catalog.pg_namespace ON pg_catalog.pg_namespace.oid = pg_catalog.pg_class.relnamespace 
WHERE pg_catalog.pg_class.relname = $1::VARCHAR AND pg_catalog.pg_class.relkind = ANY (ARRAY[$2::VARCHAR, $3::VARCHAR, $4::VARCHAR, $5::VARCHAR, $6::VARCHAR]) AND pg_catalog.pg_table_is_visible(pg_catalog.pg_class.oid) AND pg_catalog.pg_namespace.nspname != $7::VARCHAR
2025-09-22 18:44:54 - ℹ️ ℹ️ INFO - sqlalchemy.engine.Engine - [cached since 0.2278s ago] ('clinics', 'r', 'p', 'f', 'v', 'm', 'pg_catalog')
2025-09-22 18:44:54 - ℹ️ ℹ️ INFO - sqlalchemy.engine.Engine - SELECT pg_catalog.pg_class.relname 
FROM pg_catalog.pg_class JOIN pg_catalog.pg_namespace ON pg_catalog.pg_namespace.oid = pg_catalog.pg_class.relnamespace 
WHERE pg_catalog.pg_class.relname = $1::VARCHAR AND pg_catalog.pg_class.relkind = ANY (ARRAY[$2::VARCHAR, $3::VARCHAR, $4::VARCHAR, $5::VARCHAR, $6::VARCHAR]) AND pg_catalog.pg_table_is_visible(pg_catalog.pg_class.oid) AND pg_catalog.pg_namespace.nspname != $7::VARCHAR
2025-09-22 18:44:54 - ℹ️ ℹ️ INFO - sqlalchemy.engine.Engine - [cached since 0.2645s ago] ('assistants', 'r', 'p', 'f', 'v', 'm', 'pg_catalog')
2025-09-22 18:44:54 - ℹ️ ℹ️ INFO - sqlalchemy.engine.Engine - SELECT pg_catalog.pg_class.relname 
FROM pg_catalog.pg_class JOIN pg_catalog.pg_namespace ON pg_catalog.pg_namespace.oid = pg_catalog.pg_class.relnamespace 
WHERE pg_catalog.pg_class.relname = $1::VARCHAR AND pg_catalog.pg_class.relkind = ANY (ARRAY[$2::VARCHAR, $3::VARCHAR, $4::VARCHAR, $5::VARCHAR, $6::VARCHAR]) AND pg_catalog.pg_table_is_visible(pg_catalog.pg_class.oid) AND pg_catalog.pg_namespace.nspname != $7::VARCHAR
2025-09-22 18:44:54 - ℹ️ ℹ️ INFO - sqlalchemy.engine.Engine - [cached since 0.2991s ago] ('audit_logs', 'r', 'p', 'f', 'v', 'm', 'pg_catalog')
2025-09-22 18:44:54 - ℹ️ ℹ️ INFO - sqlalchemy.engine.Engine - SELECT pg_catalog.pg_class.relname 
FROM pg_catalog.pg_class JOIN pg_catalog.pg_namespace ON pg_catalog.pg_namespace.oid = pg_catalog.pg_class.relnamespace 
WHERE pg_catalog.pg_class.relname = $1::VARCHAR AND pg_catalog.pg_class.relkind = ANY (ARRAY[$2::VARCHAR, $3::VARCHAR, $4::VARCHAR, $5::VARCHAR, $6::VARCHAR]) AND pg_catalog.pg_table_is_visible(pg_catalog.pg_class.oid) AND pg_catalog.pg_namespace.nspname != $7::VARCHAR
2025-09-22 18:44:54 - ℹ️ ℹ️ INFO - sqlalchemy.engine.Engine - [cached since 0.3494s ago] ('file_uploads', 'r', 'p', 'f', 'v', 'm', 'pg_catalog')
2025-09-22 18:44:54 - ℹ️ ℹ️ INFO - sqlalchemy.engine.Engine - SELECT pg_catalog.pg_class.relname 
FROM pg_catalog.pg_class JOIN pg_catalog.pg_namespace ON pg_catalog.pg_namespace.oid = pg_catalog.pg_class.relnamespace 
WHERE pg_catalog.pg_class.relname = $1::VARCHAR AND pg_catalog.pg_class.relkind = ANY (ARRAY[$2::VARCHAR, $3::VARCHAR, $4::VARCHAR, $5::VARCHAR, $6::VARCHAR]) AND pg_catalog.pg_table_is_visible(pg_catalog.pg_class.oid) AND pg_catalog.pg_namespace.nspname != $7::VARCHAR
2025-09-22 18:44:54 - ℹ️ ℹ️ INFO - sqlalchemy.engine.Engine - [cached since 0.3785s ago] ('csrf_tokens', 'r', 'p', 'f', 'v', 'm', 'pg_catalog')
2025-09-22 18:44:54 - ℹ️ ℹ️ INFO - sqlalchemy.engine.Engine - SELECT pg_catalog.pg_class.relname 
FROM pg_catalog.pg_class JOIN pg_catalog.pg_namespace ON pg_catalog.pg_namespace.oid = pg_catalog.pg_class.relnamespace 
WHERE pg_catalog.pg_class.relname = $1::VARCHAR AND pg_catalog.pg_class.relkind = ANY (ARRAY[$2::VARCHAR, $3::VARCHAR, $4::VARCHAR, $5::VARCHAR, $6::VARCHAR]) AND pg_catalog.pg_table_is_visible(pg_catalog.pg_class.oid) AND pg_catalog.pg_namespace.nspname != $7::VARCHAR
2025-09-22 18:44:54 - ℹ️ ℹ️ INFO - sqlalchemy.engine.Engine - [cached since 0.4142s ago] ('rate_limits', 'r', 'p', 'f', 'v', 'm', 'pg_catalog')
2025-09-22 18:44:54 - ℹ️ ℹ️ INFO - sqlalchemy.engine.Engine - SELECT pg_catalog.pg_class.relname 
FROM pg_catalog.pg_class JOIN pg_catalog.pg_namespace ON pg_catalog.pg_namespace.oid = pg_catalog.pg_class.relnamespace 
WHERE pg_catalog.pg_class.relname = $1::VARCHAR AND pg_catalog.pg_class.relkind = ANY (ARRAY[$2::VARCHAR, $3::VARCHAR, $4::VARCHAR, $5::VARCHAR, $6::VARCHAR]) AND pg_catalog.pg_table_is_visible(pg_catalog.pg_class.oid) AND pg_catalog.pg_namespace.nspname != $7::VARCHAR
2025-09-22 18:44:54 - ℹ️ ℹ️ INFO - sqlalchemy.engine.Engine - [cached since 0.4752s ago] ('calls', 'r', 'p', 'f', 'v', 'm', 'pg_catalog')
2025-09-22 18:44:54 - ℹ️ ℹ️ INFO - sqlalchemy.engine.Engine - SELECT pg_catalog.pg_class.relname 
FROM pg_catalog.pg_class JOIN pg_catalog.pg_namespace ON pg_catalog.pg_namespace.oid = pg_catalog.pg_class.relnamespace 
WHERE pg_catalog.pg_class.relname = $1::VARCHAR AND pg_catalog.pg_class.relkind = ANY (ARRAY[$2::VARCHAR, $3::VARCHAR, $4::VARCHAR, $5::VARCHAR, $6::VARCHAR]) AND pg_catalog.pg_table_is_visible(pg_catalog.pg_class.oid) AND pg_catalog.pg_namespace.nspname != $7::VARCHAR
2025-09-22 18:44:54 - ℹ️ ℹ️ INFO - sqlalchemy.engine.Engine - [cached since 0.5413s ago] ('appointments', 'r', 'p', 'f', 'v', 'm', 'pg_catalog')
2025-09-22 18:44:54 - ℹ️ ℹ️ INFO - sqlalchemy.engine.Engine - SELECT pg_catalog.pg_class.relname 
FROM pg_catalog.pg_class JOIN pg_catalog.pg_namespace ON pg_catalog.pg_namespace.oid = pg_catalog.pg_class.relnamespace 
WHERE pg_catalog.pg_class.relname = $1::VARCHAR AND pg_catalog.pg_class.relkind = ANY (ARRAY[$2::VARCHAR, $3::VARCHAR, $4::VARCHAR, $5::VARCHAR, $6::VARCHAR]) AND pg_catalog.pg_table_is_visible(pg_catalog.pg_class.oid) AND pg_catalog.pg_namespace.nspname != $7::VARCHAR
2025-09-22 18:44:54 - ℹ️ ℹ️ INFO - sqlalchemy.engine.Engine - [cached since 0.5727s ago] ('patients', 'r', 'p', 'f', 'v', 'm', 'pg_catalog')
2025-09-22 18:44:54 - ℹ️ ℹ️ INFO - sqlalchemy.engine.Engine - SELECT pg_catalog.pg_class.relname 
FROM pg_catalog.pg_class JOIN pg_catalog.pg_namespace ON pg_catalog.pg_namespace.oid = pg_catalog.pg_class.relnamespace 
WHERE pg_catalog.pg_class.relname = $1::VARCHAR AND pg_catalog.pg_class.relkind = ANY (ARRAY[$2::VARCHAR, $3::VARCHAR, $4::VARCHAR, $5::VARCHAR, $6::VARCHAR]) AND pg_catalog.pg_table_is_visible(pg_catalog.pg_class.oid) AND pg_catalog.pg_namespace.nspname != $7::VARCHAR
2025-09-22 18:44:54 - ℹ️ ℹ️ INFO - sqlalchemy.engine.Engine - [cached since 0.6057s ago] ('phone_numbers', 'r', 'p', 'f', 'v', 'm', 'pg_catalog')
2025-09-22 18:44:54 - ℹ️ ℹ️ INFO - sqlalchemy.engine.Engine - SELECT pg_catalog.pg_class.relname 
FROM pg_catalog.pg_class JOIN pg_catalog.pg_namespace ON pg_catalog.pg_namespace.oid = pg_catalog.pg_class.relnamespace 
WHERE pg_catalog.pg_class.relname = $1::VARCHAR AND pg_catalog.pg_class.relkind = ANY (ARRAY[$2::VARCHAR, $3::VARCHAR, $4::VARCHAR, $5::VARCHAR, $6::VARCHAR]) AND pg_catalog.pg_table_is_visible(pg_catalog.pg_class.oid) AND pg_catalog.pg_namespace.nspname != $7::VARCHAR
2025-09-22 18:44:54 - ℹ️ ℹ️ INFO - sqlalchemy.engine.Engine - [cached since 0.6469s ago] ('billing_records', 'r', 'p', 'f', 'v', 'm', 'pg_catalog')
2025-09-22 18:44:54 - ℹ️ ℹ️ INFO - sqlalchemy.engine.Engine - SELECT pg_catalog.pg_class.relname 
FROM pg_catalog.pg_class JOIN pg_catalog.pg_namespace ON pg_catalog.pg_namespace.oid = pg_catalog.pg_class.relnamespace 
WHERE pg_catalog.pg_class.relname = $1::VARCHAR AND pg_catalog.pg_class.relkind = ANY (ARRAY[$2::VARCHAR, $3::VARCHAR, $4::VARCHAR, $5::VARCHAR, $6::VARCHAR]) AND pg_catalog.pg_table_is_visible(pg_catalog.pg_class.oid) AND pg_catalog.pg_namespace.nspname != $7::VARCHAR
2025-09-22 18:44:54 - ℹ️ ℹ️ INFO - sqlalchemy.engine.Engine - [cached since 0.7226s ago] ('tenants', 'r', 'p', 'f', 'v', 'm', 'pg_catalog')
2025-09-22 18:44:54 - ℹ️ ℹ️ INFO - sqlalchemy.engine.Engine - SELECT pg_catalog.pg_class.relname 
FROM pg_catalog.pg_class JOIN pg_catalog.pg_namespace ON pg_catalog.pg_namespace.oid = pg_catalog.pg_class.relnamespace 
WHERE pg_catalog.pg_class.relname = $1::VARCHAR AND pg_catalog.pg_class.relkind = ANY (ARRAY[$2::VARCHAR, $3::VARCHAR, $4::VARCHAR, $5::VARCHAR, $6::VARCHAR]) AND pg_catalog.pg_table_is_visible(pg_catalog.pg_class.oid) AND pg_catalog.pg_namespace.nspname != $7::VARCHAR
2025-09-22 18:44:54 - ℹ️ ℹ️ INFO - sqlalchemy.engine.Engine - [cached since 0.7543s ago] ('assistant_clinic_mappings', 'r', 'p', 'f', 'v', 'm', 'pg_catalog')
2025-09-22 18:44:54 - ℹ️ ℹ️ INFO - sqlalchemy.engine.Engine - SELECT pg_catalog.pg_class.relname 
FROM pg_catalog.pg_class JOIN pg_catalog.pg_namespace ON pg_catalog.pg_namespace.oid = pg_catalog.pg_class.relnamespace 
WHERE pg_catalog.pg_class.relname = $1::VARCHAR AND pg_catalog.pg_class.relkind = ANY (ARRAY[$2::VARCHAR, $3::VARCHAR, $4::VARCHAR, $5::VARCHAR, $6::VARCHAR]) AND pg_catalog.pg_table_is_visible(pg_catalog.pg_class.oid) AND pg_catalog.pg_namespace.nspname != $7::VARCHAR
2025-09-22 18:44:54 - ℹ️ ℹ️ INFO - sqlalchemy.engine.Engine - [cached since 0.7897s ago] ('clinic_calendar_integrations', 'r', 'p', 'f', 'v', 'm', 'pg_catalog')
2025-09-22 18:44:54 - ℹ️ ℹ️ INFO - sqlalchemy.engine.Engine - SELECT pg_catalog.pg_class.relname 
FROM pg_catalog.pg_class JOIN pg_catalog.pg_namespace ON pg_catalog.pg_namespace.oid = pg_catalog.pg_class.relnamespace 
WHERE pg_catalog.pg_class.relname = $1::VARCHAR AND pg_catalog.pg_class.relkind = ANY (ARRAY[$2::VARCHAR, $3::VARCHAR, $4::VARCHAR, $5::VARCHAR, $6::VARCHAR]) AND pg_catalog.pg_table_is_visible(pg_catalog.pg_class.oid) AND pg_catalog.pg_namespace.nspname != $7::VARCHAR
2025-09-22 18:44:54 - ℹ️ ℹ️ INFO - sqlalchemy.engine.Engine - [cached since 0.8251s ago] ('system_alerts', 'r', 'p', 'f', 'v', 'm', 'pg_catalog')
2025-09-22 18:44:54 - ℹ️ ℹ️ INFO - sqlalchemy.engine.Engine - SELECT pg_catalog.pg_class.relname 
FROM pg_catalog.pg_class JOIN pg_catalog.pg_namespace ON pg_catalog.pg_namespace.oid = pg_catalog.pg_class.relnamespace 
WHERE pg_catalog.pg_class.relname = $1::VARCHAR AND pg_catalog.pg_class.relkind = ANY (ARRAY[$2::VARCHAR, $3::VARCHAR, $4::VARCHAR, $5::VARCHAR, $6::VARCHAR]) AND pg_catalog.pg_table_is_visible(pg_catalog.pg_class.oid) AND pg_catalog.pg_namespace.nspname != $7::VARCHAR
2025-09-22 18:44:54 - ℹ️ ℹ️ INFO - sqlalchemy.engine.Engine - [cached since 0.8641s ago] ('clinic_configurations', 'r', 'p', 'f', 'v', 'm', 'pg_catalog')
2025-09-22 18:44:54 - ℹ️ ℹ️ INFO - sqlalchemy.engine.Engine - SELECT pg_catalog.pg_class.relname 
FROM pg_catalog.pg_class JOIN pg_catalog.pg_namespace ON pg_catalog.pg_namespace.oid = pg_catalog.pg_class.relnamespace 
WHERE pg_catalog.pg_class.relname = $1::VARCHAR AND pg_catalog.pg_class.relkind = ANY (ARRAY[$2::VARCHAR, $3::VARCHAR, $4::VARCHAR, $5::VARCHAR, $6::VARCHAR]) AND pg_catalog.pg_table_is_visible(pg_catalog.pg_class.oid) AND pg_catalog.pg_namespace.nspname != $7::VARCHAR
2025-09-22 18:44:54 - ℹ️ ℹ️ INFO - sqlalchemy.engine.Engine - [cached since 0.8969s ago] ('integration_test_results', 'r', 'p', 'f', 'v', 'm', 'pg_catalog')
2025-09-22 18:44:54 - ℹ️ ℹ️ INFO - sqlalchemy.engine.Engine - 
CREATE TABLE refresh_tokens (
	id VARCHAR NOT NULL, 
	user_id VARCHAR NOT NULL, 
	token_hash VARCHAR(255) NOT NULL, 
	expires_at TIMESTAMP WITH TIME ZONE NOT NULL, 
	is_revoked BOOLEAN NOT NULL, 
	created_at TIMESTAMP WITH TIME ZONE DEFAULT now() NOT NULL, 
	revoked_at TIMESTAMP WITH TIME ZONE, 
	PRIMARY KEY (id), 
	FOREIGN KEY(user_id) REFERENCES users (id) ON DELETE CASCADE
)


2025-09-22 18:44:54 - ℹ️ ℹ️ INFO - sqlalchemy.engine.Engine - [no key 0.00059s] ()
2025-09-22 18:44:55 - ℹ️ ℹ️ INFO - sqlalchemy.engine.Engine - CREATE INDEX ix_refresh_tokens_is_revoked ON refresh_tokens (is_revoked)
2025-09-22 18:44:55 - ℹ️ ℹ️ INFO - sqlalchemy.engine.Engine - [no key 0.00023s] ()
2025-09-22 18:44:55 - ℹ️ ℹ️ INFO - sqlalchemy.engine.Engine - CREATE UNIQUE INDEX ix_refresh_tokens_token_hash ON refresh_tokens (token_hash)
2025-09-22 18:44:55 - ℹ️ ℹ️ INFO - sqlalchemy.engine.Engine - [no key 0.01549s] ()
2025-09-22 18:44:55 - ℹ️ ℹ️ INFO - sqlalchemy.engine.Engine - CREATE INDEX idx_refresh_tokens_expires_revoked ON refresh_tokens (expires_at, is_revoked)
2025-09-22 18:44:55 - ℹ️ ℹ️ INFO - sqlalchemy.engine.Engine - [no key 0.01181s] ()
2025-09-22 18:44:55 - ℹ️ ℹ️ INFO - sqlalchemy.engine.Engine - CREATE INDEX idx_refresh_tokens_created_at ON refresh_tokens (created_at)
2025-09-22 18:44:55 - ℹ️ ℹ️ INFO - sqlalchemy.engine.Engine - [no key 0.00021s] ()
2025-09-22 18:44:55 - ℹ️ ℹ️ INFO - sqlalchemy.engine.Engine - CREATE INDEX idx_refresh_tokens_user_expires ON refresh_tokens (user_id, expires_at)
2025-09-22 18:44:55 - ℹ️ ℹ️ INFO - sqlalchemy.engine.Engine - [no key 0.00117s] ()
2025-09-22 18:44:55 - ℹ️ ℹ️ INFO - sqlalchemy.engine.Engine - CREATE INDEX ix_refresh_tokens_expires_at ON refresh_tokens (expires_at)
2025-09-22 18:44:55 - ℹ️ ℹ️ INFO - sqlalchemy.engine.Engine - [no key 0.00024s] ()
2025-09-22 18:44:55 - ℹ️ ℹ️ INFO - sqlalchemy.engine.Engine - CREATE INDEX ix_refresh_tokens_user_id ON refresh_tokens (user_id)
2025-09-22 18:44:55 - ℹ️ ℹ️ INFO - sqlalchemy.engine.Engine - [no key 0.01524s] ()
2025-09-22 18:44:55 - ℹ️ ℹ️ INFO - sqlalchemy.engine.Engine - CREATE INDEX idx_refresh_tokens_token_hash ON refresh_tokens (token_hash)
2025-09-22 18:44:55 - ℹ️ ℹ️ INFO - sqlalchemy.engine.Engine - [no key 0.00022s] ()
2025-09-22 18:44:55 - ℹ️ ℹ️ INFO - sqlalchemy.engine.Engine - 
CREATE TABLE file_uploads (
	id VARCHAR NOT NULL, 
	user_id VARCHAR, 
	clinic_id VARCHAR, 
	original_filename VARCHAR(255) NOT NULL, 
	secure_filename VARCHAR(255) NOT NULL, 
	file_path VARCHAR(500) NOT NULL, 
	file_size INTEGER NOT NULL, 
	file_hash VARCHAR(64) NOT NULL, 
	file_type VARCHAR(50) NOT NULL, 
	mime_type VARCHAR(100) NOT NULL, 
	status VARCHAR(20) NOT NULL, 
	is_quarantined BOOLEAN NOT NULL, 
	quarantine_reason TEXT, 
	created_at TIMESTAMP WITH TIME ZONE DEFAULT now() NOT NULL, 
	updated_at TIMESTAMP WITH TIME ZONE DEFAULT now() NOT NULL, 
	PRIMARY KEY (id), 
	FOREIGN KEY(user_id) REFERENCES users (id) ON DELETE CASCADE, 
	FOREIGN KEY(clinic_id) REFERENCES clinics (id) ON DELETE CASCADE
)


2025-09-22 18:44:55 - ℹ️ ℹ️ INFO - sqlalchemy.engine.Engine - [no key 0.00036s] ()
2025-09-22 18:44:56 - ℹ️ ℹ️ INFO - sqlalchemy.engine.Engine - ROLLBACK
2025-09-22 18:44:56 - ❌ ❌ ERROR - core.database - ❌ Failed to create database tables: (sqlalchemy.dialects.postgresql.asyncpg.ProgrammingError) <class 'asyncpg.exceptions.DatatypeMismatchError'>: foreign key constraint "file_uploads_clinic_id_fkey" cannot be implemented
DETAIL:  Key columns "clinic_id" and "id" are of incompatible types: character varying and uuid.
[SQL: 
CREATE TABLE file_uploads (
	id VARCHAR NOT NULL, 
	user_id VARCHAR, 
	clinic_id VARCHAR, 
	original_filename VARCHAR(255) NOT NULL, 
	secure_filename VARCHAR(255) NOT NULL, 
	file_path VARCHAR(500) NOT NULL, 
	file_size INTEGER NOT NULL, 
	file_hash VARCHAR(64) NOT NULL, 
	file_type VARCHAR(50) NOT NULL, 
	mime_type VARCHAR(100) NOT NULL, 
	status VARCHAR(20) NOT NULL, 
	is_quarantined BOOLEAN NOT NULL, 
	quarantine_reason TEXT, 
	created_at TIMESTAMP WITH TIME ZONE DEFAULT now() NOT NULL, 
	updated_at TIMESTAMP WITH TIME ZONE DEFAULT now() NOT NULL, 
	PRIMARY KEY (id), 
	FOREIGN KEY(user_id) REFERENCES users (id) ON DELETE CASCADE, 
	FOREIGN KEY(clinic_id) REFERENCES clinics (id) ON DELETE CASCADE
)

]
(Background on this error at: https://sqlalche.me/e/20/f405)
2025-09-22 18:44:56 - ❌ ❌ ERROR - core.database - ❌ Database initialization failed: Table creation failed: (sqlalchemy.dialects.postgresql.asyncpg.ProgrammingError) <class 'asyncpg.exceptions.DatatypeMismatchError'>: foreign key constraint "file_uploads_clinic_id_fkey" cannot be implemented
DETAIL:  Key columns "clinic_id" and "id" are of incompatible types: character varying and uuid.
[SQL: 
CREATE TABLE file_uploads (
	id VARCHAR NOT NULL, 
	user_id VARCHAR, 
	clinic_id VARCHAR, 
	original_filename VARCHAR(255) NOT NULL, 
	secure_filename VARCHAR(255) NOT NULL, 
	file_path VARCHAR(500) NOT NULL, 
	file_size INTEGER NOT NULL, 
	file_hash VARCHAR(64) NOT NULL, 
	file_type VARCHAR(50) NOT NULL, 
	mime_type VARCHAR(100) NOT NULL, 
	status VARCHAR(20) NOT NULL, 
	is_quarantined BOOLEAN NOT NULL, 
	quarantine_reason TEXT, 
	created_at TIMESTAMP WITH TIME ZONE DEFAULT now() NOT NULL, 
	updated_at TIMESTAMP WITH TIME ZONE DEFAULT now() NOT NULL, 
	PRIMARY KEY (id), 
	FOREIGN KEY(user_id) REFERENCES users (id) ON DELETE CASCADE, 
	FOREIGN KEY(clinic_id) REFERENCES clinics (id) ON DELETE CASCADE
)

]
(Background on this error at: https://sqlalche.me/e/20/f405)
2025-09-22 18:44:56 - ❌ ❌ CRITICAL - main - ❌ Database initialization failed: Table creation failed: (sqlalchemy.dialects.postgresql.asyncpg.ProgrammingError) <class 'asyncpg.exceptions.DatatypeMismatchError'>: foreign key constraint "file_uploads_clinic_id_fkey" cannot be implemented
DETAIL:  Key columns "clinic_id" and "id" are of incompatible types: character varying and uuid.
[SQL: 
CREATE TABLE file_uploads (
	id VARCHAR NOT NULL, 
	user_id VARCHAR, 
	clinic_id VARCHAR, 
	original_filename VARCHAR(255) NOT NULL, 
	secure_filename VARCHAR(255) NOT NULL, 
	file_path VARCHAR(500) NOT NULL, 
	file_size INTEGER NOT NULL, 
	file_hash VARCHAR(64) NOT NULL, 
	file_type VARCHAR(50) NOT NULL, 
	mime_type VARCHAR(100) NOT NULL, 
	status VARCHAR(20) NOT NULL, 
	is_quarantined BOOLEAN NOT NULL, 
	quarantine_reason TEXT, 
	created_at TIMESTAMP WITH TIME ZONE DEFAULT now() NOT NULL, 
	updated_at TIMESTAMP WITH TIME ZONE DEFAULT now() NOT NULL, 
	PRIMARY KEY (id), 
	FOREIGN KEY(user_id) REFERENCES users (id) ON DELETE CASCADE, 
	FOREIGN KEY(clinic_id) REFERENCES clinics (id) ON DELETE CASCADE
)

]
(Background on this error at: https://sqlalche.me/e/20/f405)
